jew hating	head=jewish	subtype=hatreddiscussion
jew haters	head=jewish	subtype=hatreddiscussion
jew hater	head=jewish	subtype=hatreddiscussion
jew hatred	head=jewish	subtype=hatreddiscussion
jew-hating	head=jewish	subtype=hatreddiscussion
jew-haters	head=jewish	subtype=hatreddiscussion
jew-hater	head=jewish	subtype=hatreddiscussion
jew-hatred	head=jewish	subtype=hatreddiscussion
#jewhate	head=jewish	subtype=hatreddiscussion
jewhate	head=jewish	subtype=hatreddiscussion
#jewhatred	head=jewish	subtype=hatreddiscussion
jewhatred	head=jewish	subtype=hatreddiscussion
#jewhaters	head=jewish	subtype=hatreddiscussion
jewhaters	head=jewish	subtype=hatreddiscussion
jewhating	head=jewish	subtype=hatreddiscussion
jewhater	head=jewish	subtype=hatreddiscussion
jewhaters	head=jewish	subtype=hatreddiscussion
jewhatred	head=jewish	subtype=hatreddiscussion
#antijew	head=jewish	subtype=hatreddiscussion
antijew	head=jewish	subtype=hatreddiscussion
anti jew	head=jewish	subtype=hatreddiscussion
antijew	head=jewish	subtype=hatreddiscussion
anti-jew	head=jewish	subtype=hatreddiscussion
antijewish	head=jewish	subtype=hatreddiscussion
anti jewish	head=jewish	subtype=hatreddiscussion
anti-jewish	head=jewish	subtype=hatreddiscussion
antijew	head=jewish	subtype=hatreddiscussion
holocaust denier	head=jewish	subtype=hatreddiscussion
holocaust denial	head=jewish	subtype=hatreddiscussion
anti-semitic	head=jewish	subtype=hatreddiscussion
antisemitic	head=jewish	subtype=hatreddiscussion
anti semitic	head=jewish	subtype=hatreddiscussion
anti-semite	head=jewish	subtype=hatreddiscussion
antisemite	head=jewish	subtype=hatreddiscussion
anti semite	head=jewish	subtype=hatreddiscussion
anti semitism	head=jewish	subtype=hatreddiscussion
antisemitism	head=jewish	subtype=hatreddiscussion
anti-semitism	head=jewish	subtype=hatreddiscussion
for the many not the jew	head=jewish	subtype=hatreddiscussion
not the jew	head=jewish	subtype=hatreddiscussion
not for the jew	head=jewish	subtype=hatreddiscussion
#notthejew	head=jewish	subtype=hatreddiscussion
notthejew	head=jewish	subtype=hatreddiscussion
#ForTheManyNotTheJew	head=jewish	subtype=hatreddiscussion
ForTheManyNotTheJew	head=jewish	subtype=hatreddiscussion
manynotthejew	head=jewish	subtype=hatreddiscussion
forthemanynotthejew	head=jewish	subtype=hatreddiscussion
jew lover	head=jewish
jew lovers	head=jewish
jew loving	head=jewish
jewlover	head=jewish
jewlovers	head=jewish
jewloving	head=jewish
jew-lovers	head=jewish
jew-lover	head=jewish
jew-loving	head=jewish
jew baiter	head=jewish	subtype=hatreddiscussion
jewbaiter	head=jewish	subtype=hatreddiscussion
jewcracy	head=jewish
jew problem	head=jewish
jewish problem	head=jewish
jew bashing	head=jewish	subtype=hatreddiscussion
jewbashing	head=jewish	subtype=hatreddiscussion
jew-bashing	head=jewish	subtype=hatreddiscussion
