anti-islam	head=islam	subtype=hatreddiscussion
anti islam	head=islam	subtype=hatreddiscussion
anti-islamic	head=islam	subtype=hatreddiscussion
anti islamic	head=islam	subtype=hatreddiscussion
anti muslim	head=islam	subtype=hatreddiscussion
antimuslim	head=islam	subtype=hatreddiscussion
anti-muslim	head=islam	subtype=hatreddiscussion
muslim hating	head=islam	subtype=hatreddiscussion
muslim-hating	head=islam	subtype=hatreddiscussion
islam hating	head=islam	subtype=hatreddiscussion
islam-hating	head=islam	subtype=hatreddiscussion
moslem hating	head=islam	subtype=hatreddiscussion
moslem-hating	head=islam	subtype=hatreddiscussion
muslim hater	head=islam	subtype=hatreddiscussion
muslim-hater	head=islam	subtype=hatreddiscussion
islam hater	head=islam	subtype=hatreddiscussion
islam-hater	head=islam	subtype=hatreddiscussion
moslem hater	head=islam	subtype=hatreddiscussion
moslem-hater	head=islam	subtype=hatreddiscussion
#islamaphobia	head=islam	subtype=hatreddiscussion
islamophobia	head=islam	subtype=hatreddiscussion
islamophobic	head=islam	subtype=hatreddiscussion
muslim loving	head=islam
muslim lover	head=islam
muslim sympathiser	head=islam
islam loving	head=islam
islam lover	head=islam
muslim-loving	head=islam
muslim-lover	head=islam
muslim-sympathiser	head=islam
islam-loving	head=islam
islam-lover	head=islam
jihad	head=islam
jihadi	head=islam
jihadi-american	head=islam
jihadi-americans	head=islam
jihadis	head=islam
muslim haters	head=islam	subtype=hatreddiscussion
muslim-haters	head=islam	subtype=hatreddiscussion
islam haters	head=islam	subtype=hatreddiscussion
islam-haters	head=islam	subtype=hatreddiscussion
moslem haters	head=islam	subtype=hatreddiscussion
moslem-haters	head=islam	subtype=hatreddiscussion
muslim lovers	head=islam
muslim sympathisers	head=islam
islam lovers	head=islam
muslim-lovers	head=islam
muslim-sympathisers	head=islam
islam-lovers	head=islam
muslim invasion	head=islam
muslim invaders	head=islam
muslim problem	head=islam
anti islamophobia	head=islam	subtype=hatreddiscussion
anti islamophobic	head=islam	subtype=hatreddiscussion
anti-islamophobia	head=islam	subtype=hatreddiscussion
anti-islamophobic	head=islam	subtype=hatreddiscussion
islamophobe	head=islam	subtype=hatreddiscussion
muslim bashing	head=islam	subtype=hatreddiscussion
muslim-bashing	head=islam	subtype=hatreddiscussion
muslimbashing	head=islam	subtype=hatreddiscussion
moslem bashing	head=islam	subtype=hatreddiscussion
moslem-bashing	head=islam	subtype=hatreddiscussion
moslembashing	head=islam	subtype=hatreddiscussion
islam bashing	head=islam	subtype=hatreddiscussion
islam-bashing	head=islam	subtype=hatreddiscussion
islambashing	head=islam	subtype=hatreddiscussion
